<?xml version="1.0" encoding="UTF-8" ?>
<testsuites name="vitest tests" tests="300" failures="0" errors="0" time="0.290431751">
    <testsuite name="tests/artifacts/artifact-schema.test.ts" timestamp="2026-05-19T18:44:59.684Z" hostname="MacBook-Air-de-cali.local" tests="28" failures="0" errors="0" skipped="0" time="0.02767375">
        <testcase classname="tests/artifacts/artifact-schema.test.ts" name="Artifact Schema Validation &gt; spec-product.md Schema &gt; should have all required fields" time="0.003252208">
        </testcase>
        <testcase classname="tests/artifacts/artifact-schema.test.ts" name="Artifact Schema Validation &gt; spec-product.md Schema &gt; required fields should include Problem/Solution/Scope" time="0.001394125">
        </testcase>
        <testcase classname="tests/artifacts/artifact-schema.test.ts" name="Artifact Schema Validation &gt; spec-product.md Schema &gt; should document IN/OUT pattern" time="0.000282583">
        </testcase>
        <testcase classname="tests/artifacts/artifact-schema.test.ts" name="Artifact Schema Validation &gt; spec-product.md Schema &gt; Schema Pattern Validation &gt; Problem pattern should match markdown header" time="0.000194667">
        </testcase>
        <testcase classname="tests/artifacts/artifact-schema.test.ts" name="Artifact Schema Validation &gt; spec-product.md Schema &gt; Schema Pattern Validation &gt; Scope pattern should match IN/OUT subsections" time="0.000184875">
        </testcase>
        <testcase classname="tests/artifacts/artifact-schema.test.ts" name="Artifact Schema Validation &gt; spec-product.md Schema &gt; Schema Pattern Validation &gt; approved field should be in frontmatter" time="0.000379167">
        </testcase>
        <testcase classname="tests/artifacts/artifact-schema.test.ts" name="Artifact Schema Validation &gt; spec-tech.md Schema &gt; should have all required fields" time="0.000329125">
        </testcase>
        <testcase classname="tests/artifacts/artifact-schema.test.ts" name="Artifact Schema Validation &gt; spec-tech.md Schema &gt; required fields should include TYPE/DoD/AC" time="0.000712625">
        </testcase>
        <testcase classname="tests/artifacts/artifact-schema.test.ts" name="Artifact Schema Validation &gt; spec-tech.md Schema &gt; TYPE should support feature/optimization/spike" time="0.001308208">
        </testcase>
        <testcase classname="tests/artifacts/artifact-schema.test.ts" name="Artifact Schema Validation &gt; spec-tech.md Schema &gt; Scope Structure &gt; Scopes should have clear boundaries" time="0.00022325">
        </testcase>
        <testcase classname="tests/artifacts/artifact-schema.test.ts" name="Artifact Schema Validation &gt; interfaces.md Schema &gt; should have 5 proposals required" time="0.000377042">
        </testcase>
        <testcase classname="tests/artifacts/artifact-schema.test.ts" name="Artifact Schema Validation &gt; interfaces.md Schema &gt; should require Hybrid Recommendation" time="0.000651875">
        </testcase>
        <testcase classname="tests/artifacts/artifact-schema.test.ts" name="Artifact Schema Validation &gt; interfaces.md Schema &gt; proposals A-E should be required" time="0.000517208">
        </testcase>
        <testcase classname="tests/artifacts/artifact-schema.test.ts" name="Artifact Schema Validation &gt; Workflow Directory Structure &gt; should document all artifact directories" time="0.000259708">
        </testcase>
        <testcase classname="tests/artifacts/artifact-schema.test.ts" name="Artifact Schema Validation &gt; Workflow Directory Structure &gt; specs should use versioned naming" time="0.000202042">
        </testcase>
        <testcase classname="tests/artifacts/artifact-schema.test.ts" name="Artifact Schema Validation &gt; Workflow Directory Structure &gt; interfaces should use versioned naming" time="0.000201417">
        </testcase>
        <testcase classname="tests/artifacts/artifact-schema.test.ts" name="Artifact Schema Validation &gt; Workflow Directory Structure &gt; spec-tech should use versioned naming" time="0.000117542">
        </testcase>
        <testcase classname="tests/artifacts/artifact-schema.test.ts" name="Artifact Schema Validation &gt; Approval Receipt Schema &gt; receipt fields should be documented" time="0.000088375">
        </testcase>
        <testcase classname="tests/artifacts/artifact-schema.test.ts" name="Artifact Schema Validation &gt; Approval Receipt Schema &gt; receipt filename should include version" time="0.000095209">
        </testcase>
        <testcase classname="tests/artifacts/artifact-schema.test.ts" name="Artifact Schema Validation &gt; index.json Schema &gt; should have all required fields" time="0.00100175">
        </testcase>
        <testcase classname="tests/artifacts/artifact-schema.test.ts" name="Artifact Schema Validation &gt; index.json Schema &gt; workflow_status should support in-progress/completed/archived" time="0.000295416">
        </testcase>
        <testcase classname="tests/artifacts/artifact-schema.test.ts" name="Artifact Schema Validation &gt; YAML Frontmatter Patterns &gt; approved field should be boolean or string" time="0.008379333">
        </testcase>
        <testcase classname="tests/artifacts/artifact-schema.test.ts" name="Artifact Schema Validation &gt; YAML Frontmatter Patterns &gt; date fields should be ISO format" time="0.000503875">
        </testcase>
        <testcase classname="tests/artifacts/artifact-schema.test.ts" name="Artifact Schema Validation &gt; YAML Frontmatter Patterns &gt; version field should be semver-like" time="0.000250334">
        </testcase>
        <testcase classname="tests/artifacts/artifact-schema.test.ts" name="Artifact Schema Validation &gt; Validation Helper Functions &gt; validateFields should identify missing required fields" time="0.000928792">
        </testcase>
        <testcase classname="tests/artifacts/artifact-schema.test.ts" name="Artifact Schema Validation &gt; Validation Helper Functions &gt; validateFields should pass when all required fields present" time="0.001227333">
        </testcase>
        <testcase classname="tests/artifacts/artifact-schema.test.ts" name="Schema Documentation &gt; should document expected schema in test file" time="0.000301833">
        </testcase>
        <testcase classname="tests/artifacts/artifact-schema.test.ts" name="Schema Documentation &gt; schema definitions should be maintainable" time="0.000112709">
        </testcase>
    </testsuite>
    <testsuite name="tests/integration/phase-transitions.test.ts" timestamp="2026-05-19T18:44:59.687Z" hostname="MacBook-Air-de-cali.local" tests="20" failures="0" errors="0" skipped="0" time="0.037804542">
        <testcase classname="tests/integration/phase-transitions.test.ts" name="Phase Transitions &gt; nextPhase &gt; should advance to next phase" time="0.0062365">
        </testcase>
        <testcase classname="tests/integration/phase-transitions.test.ts" name="Phase Transitions &gt; nextPhase &gt; should advance through all phases" time="0.001156666">
        </testcase>
        <testcase classname="tests/integration/phase-transitions.test.ts" name="Phase Transitions &gt; nextPhase &gt; should not advance past last phase" time="0.001119125">
        </testcase>
        <testcase classname="tests/integration/phase-transitions.test.ts" name="Phase Transitions &gt; setPhaseIndex &gt; should set to valid phase" time="0.000669708">
        </testcase>
        <testcase classname="tests/integration/phase-transitions.test.ts" name="Phase Transitions &gt; setPhaseIndex &gt; should clamp to minimum (0)" time="0.000360542">
        </testcase>
        <testcase classname="tests/integration/phase-transitions.test.ts" name="Phase Transitions &gt; setPhaseIndex &gt; should clamp to maximum" time="0.000304125">
        </testcase>
        <testcase classname="tests/integration/phase-transitions.test.ts" name="Phase Transitions &gt; updatePhaseStatus &gt; should update currentPhase and phase statuses" time="0.007905917">
        </testcase>
        <testcase classname="tests/integration/phase-transitions.test.ts" name="Phase Transitions &gt; updatePhaseStatus &gt; should update workflow timestamp" time="0.000501083">
        </testcase>
        <testcase classname="tests/integration/phase-transitions.test.ts" name="Phase Transitions &gt; Tracking Persistence &gt; should save phase changes to tracking.json" time="0.004567708">
        </testcase>
        <testcase classname="tests/integration/phase-transitions.test.ts" name="Phase Transitions &gt; Tracking Persistence &gt; should handle multiple phase advances" time="0.002649458">
        </testcase>
        <testcase classname="tests/integration/phase-transitions.test.ts" name="Phase Transitions &gt; Tracking Persistence &gt; should revert phase correctly" time="0.001430916">
        </testcase>
        <testcase classname="tests/integration/phase-transitions.test.ts" name="Phase Transitions &gt; Footer Display Format &gt; should format current phase correctly" time="0.000421792">
        </testcase>
        <testcase classname="tests/integration/phase-transitions.test.ts" name="Phase Transitions &gt; Footer Display Format &gt; should show correct icon for active phase" time="0.000415709">
        </testcase>
        <testcase classname="tests/integration/phase-transitions.test.ts" name="Phase Transitions &gt; Footer Display Format &gt; should build compact status string" time="0.000386834">
        </testcase>
        <testcase classname="tests/integration/phase-transitions.test.ts" name="Phase Transitions &gt; Footer Display Format &gt; should handle phase index out of bounds" time="0.0004475">
        </testcase>
        <testcase classname="tests/integration/phase-transitions.test.ts" name="Phase Transitions &gt; Phase Name Resolution &gt; should resolve phase name to index" time="0.000487834">
        </testcase>
        <testcase classname="tests/integration/phase-transitions.test.ts" name="Phase Transitions &gt; Phase Name Resolution &gt; should handle partial name matching" time="0.000407125">
        </testcase>
        <testcase classname="tests/integration/phase-transitions.test.ts" name="Phase Transitions &gt; Last Phase Behavior &gt; should handle last phase completed" time="0.002905375">
        </testcase>
        <testcase classname="tests/integration/phase-transitions.test.ts" name="Phase Transitions &gt; Extension 11 Phases Now Match SKILL.md &gt; should have 11 phases matching SKILL.md" time="0.001648">
            <system-out>
Footer now shows X/11 instead of X/8

            </system-out>
        </testcase>
        <testcase classname="tests/integration/phase-transitions.test.ts" name="Phase Transitions &gt; Extension 11 Phases Now Match SKILL.md &gt; should map extension phases to skill phases directly" time="0.000537792">
        </testcase>
    </testsuite>
    <testsuite name="tests/integration/sandbox-install.test.ts" timestamp="2026-05-19T18:44:59.689Z" hostname="MacBook-Air-de-cali.local" tests="27" failures="0" errors="0" skipped="0" time="0.0080415">
        <testcase classname="tests/integration/sandbox-install.test.ts" name="Sandbox Install Verification &gt; Package Structure &gt; should have package.json" time="0.001860708">
        </testcase>
        <testcase classname="tests/integration/sandbox-install.test.ts" name="Sandbox Install Verification &gt; Package Structure &gt; should have valid package name" time="0.000535333">
        </testcase>
        <testcase classname="tests/integration/sandbox-install.test.ts" name="Sandbox Install Verification &gt; Package Structure &gt; should declare pi extension" time="0.001069209">
        </testcase>
        <testcase classname="tests/integration/sandbox-install.test.ts" name="Sandbox Install Verification &gt; Package Structure &gt; should declare all skill paths" time="0.000257459">
        </testcase>
        <testcase classname="tests/integration/sandbox-install.test.ts" name="Sandbox Install Verification &gt; Extension Structure &gt; should have extension directory" time="0.000113666">
        </testcase>
        <testcase classname="tests/integration/sandbox-install.test.ts" name="Sandbox Install Verification &gt; Extension Structure &gt; should have index.ts" time="0.000101292">
        </testcase>
        <testcase classname="tests/integration/sandbox-install.test.ts" name="Sandbox Install Verification &gt; Extension Structure &gt; should have types.ts" time="0.000079">
        </testcase>
        <testcase classname="tests/integration/sandbox-install.test.ts" name="Sandbox Install Verification &gt; Extension Structure &gt; should have state.ts" time="0.000073917">
        </testcase>
        <testcase classname="tests/integration/sandbox-install.test.ts" name="Sandbox Install Verification &gt; Extension Structure &gt; should have package.json with correct name" time="0.000170291">
        </testcase>
        <testcase classname="tests/integration/sandbox-install.test.ts" name="Sandbox Install Verification &gt; Skills Structure &gt; should have skills directory" time="0.000070459">
        </testcase>
        <testcase classname="tests/integration/sandbox-install.test.ts" name="Sandbox Install Verification &gt; Skills Structure &gt; should have main SKILL.md" time="0.000068667">
        </testcase>
        <testcase classname="tests/integration/sandbox-install.test.ts" name="Sandbox Install Verification &gt; Skills Structure &gt; should have workflow skills" time="0.000188">
        </testcase>
        <testcase classname="tests/integration/sandbox-install.test.ts" name="Sandbox Install Verification &gt; Skills Structure &gt; should have strategic analysis skills" time="0.000074416">
        </testcase>
        <testcase classname="tests/integration/sandbox-install.test.ts" name="Sandbox Install Verification &gt; Skills Structure &gt; should have domain library skills" time="0.000065625">
        </testcase>
        <testcase classname="tests/integration/sandbox-install.test.ts" name="Sandbox Install Verification &gt; Skills Structure &gt; should have execution skills" time="0.000098875">
        </testcase>
        <testcase classname="tests/integration/sandbox-install.test.ts" name="Sandbox Install Verification &gt; References Structure &gt; should have references directory" time="0.000061084">
        </testcase>
        <testcase classname="tests/integration/sandbox-install.test.ts" name="Sandbox Install Verification &gt; References Structure &gt; should have pi-tools directory" time="0.000066542">
        </testcase>
        <testcase classname="tests/integration/sandbox-install.test.ts" name="Sandbox Install Verification &gt; References Structure &gt; should have pi-tools reference files" time="0.000157083">
        </testcase>
        <testcase classname="tests/integration/sandbox-install.test.ts" name="Sandbox Install Verification &gt; References Structure &gt; should have phases directory" time="0.000168542">
        </testcase>
        <testcase classname="tests/integration/sandbox-install.test.ts" name="Sandbox Install Verification &gt; Peer Dependencies &gt; should declare required peer dependencies" time="0.000141875">
        </testcase>
        <testcase classname="tests/integration/sandbox-install.test.ts" name="Sandbox Install Verification &gt; Peer Dependencies &gt; should declare optional peer dependencies" time="0.0001145">
        </testcase>
        <testcase classname="tests/integration/sandbox-install.test.ts" name="Sandbox Install Verification &gt; Files to Publish &gt; should declare publishable files" time="0.000196083">
        </testcase>
        <testcase classname="tests/integration/sandbox-install.test.ts" name="Sandbox Install Verification &gt; Files to Publish &gt; should include README in published files" time="0.000117792">
        </testcase>
        <testcase classname="tests/integration/sandbox-install.test.ts" name="Sandbox Install Verification &gt; Scripts &gt; should have test script" time="0.000112">
        </testcase>
        <testcase classname="tests/integration/sandbox-install.test.ts" name="Sandbox Install Verification &gt; Scripts &gt; should have test coverage script" time="0.000095417">
        </testcase>
        <testcase classname="tests/integration/sandbox-install.test.ts" name="Sandbox Install Verification &gt; Scripts &gt; should have layer-specific test scripts" time="0.000144209">
        </testcase>
        <testcase classname="tests/integration/sandbox-install.test.ts" name="Sandbox Install Verification &gt; Node Engine &gt; should require Node &gt;= 20" time="0.000140667">
        </testcase>
    </testsuite>
    <testsuite name="tests/integration/skill-orchestration.test.ts" timestamp="2026-05-19T18:44:59.691Z" hostname="MacBook-Air-de-cali.local" tests="17" failures="0" errors="0" skipped="0" time="0.065133125">
        <testcase classname="tests/integration/skill-orchestration.test.ts" name="Skill Orchestration &gt; Shape Up Skill (cali-shape-up) &gt; should create spec-product.md" time="0.006894666">
        </testcase>
        <testcase classname="tests/integration/skill-orchestration.test.ts" name="Skill Orchestration &gt; Shape Up Skill (cali-shape-up) &gt; should parse approved flag from frontmatter" time="0.005097167">
        </testcase>
        <testcase classname="tests/integration/skill-orchestration.test.ts" name="Skill Orchestration &gt; Shape Up Skill (cali-shape-up) &gt; should validate spec structure" time="0.003123792">
        </testcase>
        <testcase classname="tests/integration/skill-orchestration.test.ts" name="Skill Orchestration &gt; Interface Brainstorming (cali-interface-brainstorm) &gt; should create interfaces.md with 5 proposals" time="0.002942625">
        </testcase>
        <testcase classname="tests/integration/skill-orchestration.test.ts" name="Skill Orchestration &gt; Interface Brainstorming (cali-interface-brainstorm) &gt; should have preview for each proposal" time="0.002704333">
        </testcase>
        <testcase classname="tests/integration/skill-orchestration.test.ts" name="Skill Orchestration &gt; Tech Planning (cali-tech-planning) &gt; should create spec-tech.md with typed scopes" time="0.003637917">
        </testcase>
        <testcase classname="tests/integration/skill-orchestration.test.ts" name="Skill Orchestration &gt; Tech Planning (cali-tech-planning) &gt; should parse scope types correctly" time="0.005219833">
        </testcase>
        <testcase classname="tests/integration/skill-orchestration.test.ts" name="Skill Orchestration &gt; Tech Planning (cali-tech-planning) &gt; should extract DoD from scopes" time="0.003533542">
        </testcase>
        <testcase classname="tests/integration/skill-orchestration.test.ts" name="Skill Orchestration &gt; Plannotator Gate Flow &gt; should create approval receipt after gate" time="0.003114666">
        </testcase>
        <testcase classname="tests/integration/skill-orchestration.test.ts" name="Skill Orchestration &gt; Plannotator Gate Flow &gt; should stamp approved flag in spec" time="0.002727791">
        </testcase>
        <testcase classname="tests/integration/skill-orchestration.test.ts" name="Skill Orchestration &gt; Plannotator Gate Flow &gt; should validate workflow status after gate" time="0.003404208">
        </testcase>
        <testcase classname="tests/integration/skill-orchestration.test.ts" name="Skill Orchestration &gt; Skill Chaining &gt; should flow Shape Up → Gate → Tech Planning" time="0.003927334">
        </testcase>
        <testcase classname="tests/integration/skill-orchestration.test.ts" name="Skill Orchestration &gt; Skill Chaining &gt; should flow Interface → Gate → Selection" time="0.003550708">
        </testcase>
        <testcase classname="tests/integration/skill-orchestration.test.ts" name="Skill Orchestration &gt; Artifact Path Generation &gt; should generate correct spec path" time="0.003010625">
        </testcase>
        <testcase classname="tests/integration/skill-orchestration.test.ts" name="Skill Orchestration &gt; Artifact Path Generation &gt; should generate correct interfaces path" time="0.003776792">
        </testcase>
        <testcase classname="tests/integration/skill-orchestration.test.ts" name="Skill Orchestration &gt; Artifact Path Generation &gt; should generate correct tech plan path" time="0.003065875">
        </testcase>
        <testcase classname="tests/integration/skill-orchestration.test.ts" name="Skill Orchestration &gt; Artifact Path Generation &gt; should increment version numbers" time="0.002857458">
        </testcase>
    </testsuite>
    <testsuite name="tests/integration/smoke.test.ts" timestamp="2026-05-19T18:44:59.692Z" hostname="MacBook-Air-de-cali.local" tests="9" failures="0" errors="0" skipped="7" time="0.00398475">
        <testcase classname="tests/integration/smoke.test.ts" name="Workflow Start (pi-test-harness) &gt; should create index.json when workflow starts" time="0">
            <skipped/>
        </testcase>
        <testcase classname="tests/integration/smoke.test.ts" name="Phase Advancement (pi-test-harness) &gt; should handle /pw:next command" time="0">
            <skipped/>
        </testcase>
        <testcase classname="tests/integration/smoke.test.ts" name="Phase Advancement (pi-test-harness) &gt; should call plannotator gate after Critique" time="0">
            <skipped/>
        </testcase>
        <testcase classname="tests/integration/smoke.test.ts" name="Tool Calls (pi-test-harness) &gt; should call subagent for parallel work" time="0">
            <skipped/>
        </testcase>
        <testcase classname="tests/integration/smoke.test.ts" name="Tool Calls (pi-test-harness) &gt; should use ask patterns for clarifications" time="0">
            <skipped/>
        </testcase>
        <testcase classname="tests/integration/smoke.test.ts" name="Error Handling (pi-test-harness) &gt; should handle missing workflow gracefully" time="0">
            <skipped/>
        </testcase>
        <testcase classname="tests/integration/smoke.test.ts" name="Error Handling (pi-test-harness) &gt; should validate phase transitions" time="0">
            <skipped/>
        </testcase>
        <testcase classname="tests/integration/smoke.test.ts" name="pi-test-harness Availability &gt; should detect if harness is available" time="0.002514625">
            <system-out>
pi-test-harness: AVAILABLE (smoke tests ready)

            </system-out>
        </testcase>
        <testcase classname="tests/integration/smoke.test.ts" name="pi-test-harness Availability &gt; should have harness module structure" time="0.000194084">
        </testcase>
    </testsuite>
    <testsuite name="tests/integration/workflow-lifecycle.test.ts" timestamp="2026-05-19T18:44:59.693Z" hostname="MacBook-Air-de-cali.local" tests="14" failures="0" errors="0" skipped="0" time="0.074098292">
        <testcase classname="tests/integration/workflow-lifecycle.test.ts" name="Workflow Lifecycle &gt; Workflow Creation &gt; should create workflow directory structure" time="0.007763959">
        </testcase>
        <testcase classname="tests/integration/workflow-lifecycle.test.ts" name="Workflow Lifecycle &gt; Workflow Creation &gt; should create index.json with correct structure" time="0.003881958">
        </testcase>
        <testcase classname="tests/integration/workflow-lifecycle.test.ts" name="Workflow Lifecycle &gt; Workflow Creation &gt; should add workflow to tracking.json" time="0.005568208">
        </testcase>
        <testcase classname="tests/integration/workflow-lifecycle.test.ts" name="Workflow Lifecycle &gt; Workflow Creation &gt; should support multiple workflows in tracking" time="0.005611042">
        </testcase>
        <testcase classname="tests/integration/workflow-lifecycle.test.ts" name="Workflow Lifecycle &gt; Workflow Rename &gt; should update workflow name in index.json" time="0.004963541">
        </testcase>
        <testcase classname="tests/integration/workflow-lifecycle.test.ts" name="Workflow Lifecycle &gt; Workflow Rename &gt; should update workflow name in tracking.json" time="0.003762083">
        </testcase>
        <testcase classname="tests/integration/workflow-lifecycle.test.ts" name="Workflow Lifecycle &gt; Workflow Rename &gt; should preserve dirHash after rename" time="0.003196833">
        </testcase>
        <testcase classname="tests/integration/workflow-lifecycle.test.ts" name="Workflow Lifecycle &gt; Workflow Rename &gt; should handle name with special characters" time="0.010173375">
        </testcase>
        <testcase classname="tests/integration/workflow-lifecycle.test.ts" name="Workflow Lifecycle &gt; Workflow Archive &gt; should update workflow status to archived" time="0.005119292">
        </testcase>
        <testcase classname="tests/integration/workflow-lifecycle.test.ts" name="Workflow Lifecycle &gt; Workflow Archive &gt; should preserve archived workflow data" time="0.0041605">
        </testcase>
        <testcase classname="tests/integration/workflow-lifecycle.test.ts" name="Workflow Lifecycle &gt; Cross-Session Persistence &gt; should persist workflow between sessions" time="0.004684375">
        </testcase>
        <testcase classname="tests/integration/workflow-lifecycle.test.ts" name="Workflow Lifecycle &gt; Cross-Session Persistence &gt; should handle concurrent workflow modifications" time="0.005928625">
        </testcase>
        <testcase classname="tests/integration/workflow-lifecycle.test.ts" name="Workflow Lifecycle &gt; Artifact Creation &gt; should create spec artifact" time="0.003578833">
        </testcase>
        <testcase classname="tests/integration/workflow-lifecycle.test.ts" name="Workflow Lifecycle &gt; Artifact Creation &gt; should track artifact in index.json" time="0.002487667">
        </testcase>
    </testsuite>
    <testsuite name="tests/golden/product-workflow.validate.test.ts" timestamp="2026-05-19T18:44:59.694Z" hostname="MacBook-Air-de-cali.local" tests="56" failures="0" errors="0" skipped="0" time="0.012742709">
        <testcase classname="tests/golden/product-workflow.validate.test.ts" name="Golden Dataset Overview &gt; should have 5 test cases" time="0.002846667">
        </testcase>
        <testcase classname="tests/golden/product-workflow.validate.test.ts" name="Golden Dataset Overview &gt; should cover all categories" time="0.000298542">
        </testcase>
        <testcase classname="tests/golden/product-workflow.validate.test.ts" name="Golden Dataset Overview &gt; each case should have required fields" time="0.000676">
        </testcase>
        <testcase classname="tests/golden/product-workflow.validate.test.ts" name="SKILL.md Golden Validation &gt; should have validation results for all cases" time="0.000082708">
        </testcase>
        <testcase classname="tests/golden/product-workflow.validate.test.ts" name="SKILL.md Golden Validation &gt; Shape Up Full Workflow &gt; should have phases, gates, and artifacts documented" time="0.000313958">
        </testcase>
        <testcase classname="tests/golden/product-workflow.validate.test.ts" name="SKILL.md Golden Validation &gt; Shape Up With Interface &gt; should have interface phases and gate" time="0.00019375">
        </testcase>
        <testcase classname="tests/golden/product-workflow.validate.test.ts" name="SKILL.md Golden Validation &gt; Overall Validation &gt; should have correct phase documentation" time="0.000464875">
        </testcase>
        <testcase classname="tests/golden/product-workflow.validate.test.ts" name="Phase Extraction &gt; should extract phases from SKILL.md" time="0.000137334">
        </testcase>
        <testcase classname="tests/golden/product-workflow.validate.test.ts" name="Phase Extraction &gt; should have Setup as first phase" time="0.000142667">
        </testcase>
        <testcase classname="tests/golden/product-workflow.validate.test.ts" name="Phase Extraction &gt; should have Execution as last phase" time="0.000116791">
        </testcase>
        <testcase classname="tests/golden/product-workflow.validate.test.ts" name="Phase Extraction &gt; should have Planning phase" time="0.00011875">
        </testcase>
        <testcase classname="tests/golden/product-workflow.validate.test.ts" name="Tool References &gt; should reference pi-tools directory" time="0.000098917">
        </testcase>
        <testcase classname="tests/golden/product-workflow.validate.test.ts" name="Tool References &gt; should reference subagent tool" time="0.000102375">
        </testcase>
        <testcase classname="tests/golden/product-workflow.validate.test.ts" name="Tool References &gt; should reference ask_user_question tool" time="0.000067708">
        </testcase>
        <testcase classname="tests/golden/product-workflow.validate.test.ts" name="Tool References &gt; should reference plannotator tool" time="0.000067666">
        </testcase>
        <testcase classname="tests/golden/product-workflow.validate.test.ts" name="Gate Validation &gt; should have plannotator gates with --gate" time="0.000127584">
        </testcase>
        <testcase classname="tests/golden/product-workflow.validate.test.ts" name="Gate Validation &gt; should document gates as mandatory or important" time="0.000121792">
        </testcase>
        <testcase classname="tests/golden/product-workflow.validate.test.ts" name="Gate Validation &gt; Gate Phase Documentation &gt; should document Review Gate for Phase 5" time="0.000112333">
        </testcase>
        <testcase classname="tests/golden/product-workflow.validate.test.ts" name="Gate Validation &gt; Gate Phase Documentation &gt; should document Tech Planning gate" time="0.000098791">
        </testcase>
        <testcase classname="tests/golden/product-workflow.validate.test.ts" name="Artifact Documentation &gt; should document spec-product.md" time="0.00007175">
        </testcase>
        <testcase classname="tests/golden/product-workflow.validate.test.ts" name="Artifact Documentation &gt; should document spec-tech.md" time="0.000069417">
        </testcase>
        <testcase classname="tests/golden/product-workflow.validate.test.ts" name="Artifact Documentation &gt; should document interfaces.md" time="0.000066375">
        </testcase>
        <testcase classname="tests/golden/product-workflow.validate.test.ts" name="Artifact Documentation &gt; should document index.json" time="0.000067209">
        </testcase>
        <testcase classname="tests/golden/product-workflow.validate.test.ts" name="Workflow Flow &gt; should document auto-chaining rules" time="0.000109291">
        </testcase>
        <testcase classname="tests/golden/product-workflow.validate.test.ts" name="Workflow Flow &gt; should document execution is automatic" time="0.000074959">
        </testcase>
        <testcase classname="tests/golden/product-workflow.validate.test.ts" name="Workflow Flow &gt; should have CRITICAL RULES section" time="0.000082417">
        </testcase>
        <testcase classname="tests/golden/product-workflow.validate.test.ts" name="Workflow Flow &gt; should document workflow directory structure" time="0.0000635">
        </testcase>
        <testcase classname="tests/golden/product-workflow.validate.test.ts" name="Per-Case Basic Validation &gt; Case: shape-up-full-workflow &gt; should have expected phases in SKILL.md" time="0.000097208">
        </testcase>
        <testcase classname="tests/golden/product-workflow.validate.test.ts" name="Per-Case Basic Validation &gt; Case: shape-up-full-workflow &gt; should reference expected tools" time="0.000223584">
        </testcase>
        <testcase classname="tests/golden/product-workflow.validate.test.ts" name="Per-Case Basic Validation &gt; Case: shape-up-full-workflow &gt; should document required artifacts" time="0.000194125">
        </testcase>
        <testcase classname="tests/golden/product-workflow.validate.test.ts" name="Per-Case Basic Validation &gt; Case: shape-up-full-workflow &gt; should have gate documentation for gated workflows" time="0.000181292">
        </testcase>
        <testcase classname="tests/golden/product-workflow.validate.test.ts" name="Per-Case Basic Validation &gt; Case: shape-up-with-interface &gt; should have expected phases in SKILL.md" time="0.000102958">
        </testcase>
        <testcase classname="tests/golden/product-workflow.validate.test.ts" name="Per-Case Basic Validation &gt; Case: shape-up-with-interface &gt; should reference expected tools" time="0.000086667">
        </testcase>
        <testcase classname="tests/golden/product-workflow.validate.test.ts" name="Per-Case Basic Validation &gt; Case: shape-up-with-interface &gt; should document required artifacts" time="0.000110208">
        </testcase>
        <testcase classname="tests/golden/product-workflow.validate.test.ts" name="Per-Case Basic Validation &gt; Case: shape-up-with-interface &gt; should have gate documentation for gated workflows" time="0.000114375">
        </testcase>
        <testcase classname="tests/golden/product-workflow.validate.test.ts" name="Per-Case Basic Validation &gt; Case: quick-execution &gt; should have expected phases in SKILL.md" time="0.00007125">
        </testcase>
        <testcase classname="tests/golden/product-workflow.validate.test.ts" name="Per-Case Basic Validation &gt; Case: quick-execution &gt; should reference expected tools" time="0.000035666">
        </testcase>
        <testcase classname="tests/golden/product-workflow.validate.test.ts" name="Per-Case Basic Validation &gt; Case: quick-execution &gt; should document required artifacts" time="0.000082209">
        </testcase>
        <testcase classname="tests/golden/product-workflow.validate.test.ts" name="Per-Case Basic Validation &gt; Case: quick-execution &gt; should have gate documentation for gated workflows" time="0.000082292">
        </testcase>
        <testcase classname="tests/golden/product-workflow.validate.test.ts" name="Per-Case Basic Validation &gt; Case: ask-before-start &gt; should have expected phases in SKILL.md" time="0.000109166">
        </testcase>
        <testcase classname="tests/golden/product-workflow.validate.test.ts" name="Per-Case Basic Validation &gt; Case: ask-before-start &gt; should reference expected tools" time="0.0000785">
        </testcase>
        <testcase classname="tests/golden/product-workflow.validate.test.ts" name="Per-Case Basic Validation &gt; Case: ask-before-start &gt; should document required artifacts" time="0.000053584">
        </testcase>
        <testcase classname="tests/golden/product-workflow.validate.test.ts" name="Per-Case Basic Validation &gt; Case: ask-before-start &gt; should have gate documentation for gated workflows" time="0.000032625">
        </testcase>
        <testcase classname="tests/golden/product-workflow.validate.test.ts" name="Per-Case Basic Validation &gt; Case: error-recovery &gt; should have expected phases in SKILL.md" time="0.000082916">
        </testcase>
        <testcase classname="tests/golden/product-workflow.validate.test.ts" name="Per-Case Basic Validation &gt; Case: error-recovery &gt; should reference expected tools" time="0.0000745">
        </testcase>
        <testcase classname="tests/golden/product-workflow.validate.test.ts" name="Per-Case Basic Validation &gt; Case: error-recovery &gt; should document required artifacts" time="0.000061459">
        </testcase>
        <testcase classname="tests/golden/product-workflow.validate.test.ts" name="Per-Case Basic Validation &gt; Case: error-recovery &gt; should have gate documentation for gated workflows" time="0.000031208">
        </testcase>
        <testcase classname="tests/golden/product-workflow.validate.test.ts" name="Validation Summary &gt; should generate valid summary" time="0.000596">
        </testcase>
        <testcase classname="tests/golden/product-workflow.validate.test.ts" name="Validation Summary &gt; should have correct phase documentation" time="0.000181709">
        </testcase>
        <testcase classname="tests/golden/product-workflow.validate.test.ts" name="Pattern Consistency &gt; should use consistent tool naming" time="0.000169833">
        </testcase>
        <testcase classname="tests/golden/product-workflow.validate.test.ts" name="Pattern Consistency &gt; should reference tools via pi-tools" time="0.000083667">
        </testcase>
        <testcase classname="tests/golden/product-workflow.validate.test.ts" name="Pattern Consistency &gt; should have consistent section headers" time="0.000113208">
        </testcase>
        <testcase classname="tests/golden/product-workflow.validate.test.ts" name="Edge Case Coverage &gt; should handle shape-up full workflow" time="0.000108625">
        </testcase>
        <testcase classname="tests/golden/product-workflow.validate.test.ts" name="Edge Case Coverage &gt; should handle shape-up with interface" time="0.000167709">
        </testcase>
        <testcase classname="tests/golden/product-workflow.validate.test.ts" name="Edge Case Coverage &gt; should handle quick execution" time="0.000173084">
        </testcase>
        <testcase classname="tests/golden/product-workflow.validate.test.ts" name="Edge Case Coverage &gt; should have error recovery case" time="0.000111834">
        </testcase>
    </testsuite>
    <testsuite name="tests/unit/state-real.test.ts" timestamp="2026-05-19T18:44:59.698Z" hostname="MacBook-Air-de-cali.local" tests="26" failures="0" errors="0" skipped="0" time="0.03924575">
        <testcase classname="tests/unit/state-real.test.ts" name="REAL State Functions &gt; readTracking / writeTracking &gt; readTracking returns null when tracking does not exist" time="0.00352125">
        </testcase>
        <testcase classname="tests/unit/state-real.test.ts" name="REAL State Functions &gt; readTracking / writeTracking &gt; readTracking reads what writeTracking wrote" time="0.002932708">
        </testcase>
        <testcase classname="tests/unit/state-real.test.ts" name="REAL State Functions &gt; readTracking / writeTracking &gt; writeTracking persists data across calls" time="0.003182333">
        </testcase>
        <testcase classname="tests/unit/state-real.test.ts" name="REAL State Functions &gt; readTracking / writeTracking &gt; handles empty workflows array" time="0.000989791">
        </testcase>
        <testcase classname="tests/unit/state-real.test.ts" name="REAL State Functions &gt; getActiveWorkflow &gt; returns null when no workflows" time="0.001471458">
        </testcase>
        <testcase classname="tests/unit/state-real.test.ts" name="REAL State Functions &gt; getActiveWorkflow &gt; returns the in-progress workflow" time="0.001423292">
        </testcase>
        <testcase classname="tests/unit/state-real.test.ts" name="REAL State Functions &gt; getActiveWorkflow &gt; returns null when no in-progress workflow" time="0.001279792">
        </testcase>
        <testcase classname="tests/unit/state-real.test.ts" name="REAL State Functions &gt; getActiveWorkflow &gt; returns first in-progress when multiple" time="0.001013">
        </testcase>
        <testcase classname="tests/unit/state-real.test.ts" name="REAL State Functions &gt; getAllActiveWorkflows &gt; returns empty when no workflows" time="0.001207333">
        </testcase>
        <testcase classname="tests/unit/state-real.test.ts" name="REAL State Functions &gt; getAllActiveWorkflows &gt; returns all in-progress workflows" time="0.001261792">
        </testcase>
        <testcase classname="tests/unit/state-real.test.ts" name="REAL State Functions &gt; renameWorkflow &gt; renames existing workflow" time="0.00219175">
        </testcase>
        <testcase classname="tests/unit/state-real.test.ts" name="REAL State Functions &gt; renameWorkflow &gt; fails when workflow not found" time="0.001319958">
        </testcase>
        <testcase classname="tests/unit/state-real.test.ts" name="REAL State Functions &gt; renameWorkflow &gt; fails with short name" time="0.001531583">
        </testcase>
        <testcase classname="tests/unit/state-real.test.ts" name="REAL State Functions &gt; reconcileTracking &gt; detects workflows on disk not in tracking" time="0.003513166">
        </testcase>
        <testcase classname="tests/unit/state-real.test.ts" name="REAL State Functions &gt; archiveWorkflowOnDisk &gt; archives workflow in index.json" time="0.002271416">
        </testcase>
        <testcase classname="tests/unit/state-real.test.ts" name="REAL State Functions &gt; archiveWorkflowOnDisk &gt; returns false when workflow not found" time="0.000378125">
        </testcase>
        <testcase classname="tests/unit/state-real.test.ts" name="REAL State Functions &gt; archiveWorkflowOnDisk &gt; returns false when no workflows directory exists" time="0.000592334">
        </testcase>
        <testcase classname="tests/unit/state-real.test.ts" name="REAL State Functions &gt; archiveWorkflowOnDisk &gt; updates only target workflow in date directory" time="0.002119042">
        </testcase>
        <testcase classname="tests/unit/state-real.test.ts" name="REAL State Functions &gt; parseInputForWorkflow &gt; extracts file references" time="0.000904625">
        </testcase>
        <testcase classname="tests/unit/state-real.test.ts" name="REAL State Functions &gt; parseInputForWorkflow &gt; extracts text without file references" time="0.00037775">
        </testcase>
        <testcase classname="tests/unit/state-real.test.ts" name="REAL State Functions &gt; parseInputForWorkflow &gt; handles empty input" time="0.000538125">
        </testcase>
        <testcase classname="tests/unit/state-real.test.ts" name="REAL State Functions &gt; Utility Functions &gt; generateDirHash creates pw- prefixed hash" time="0.000548375">
        </testcase>
        <testcase classname="tests/unit/state-real.test.ts" name="REAL State Functions &gt; Utility Functions &gt; hashToWorkflowId extracts last segment of hash" time="0.000399042">
        </testcase>
        <testcase classname="tests/unit/state-real.test.ts" name="REAL State Functions &gt; Utility Functions &gt; toSafeName converts to lowercase with dashes" time="0.000631417">
        </testcase>
        <testcase classname="tests/unit/state-real.test.ts" name="REAL State Functions &gt; Utility Functions &gt; getDateStamp returns ISO date" time="0.000619541">
        </testcase>
        <testcase classname="tests/unit/state-real.test.ts" name="REAL State Functions &gt; Utility Functions &gt; suggestNameFromDraft extracts keywords" time="0.000810625">
        </testcase>
    </testsuite>
    <testsuite name="tests/skills/skill-implementation.test.ts" timestamp="2026-05-19T18:44:59.700Z" hostname="MacBook-Air-de-cali.local" tests="64" failures="0" errors="0" skipped="0" time="0.0116385">
        <testcase classname="tests/skills/skill-implementation.test.ts" name="Skill Implementation Validation &gt; cali-shape-up &gt; Basic Structure &gt; should have skill name in description" time="0.002083333">
        </testcase>
        <testcase classname="tests/skills/skill-implementation.test.ts" name="Skill Implementation Validation &gt; cali-shape-up &gt; Basic Structure &gt; should have description" time="0.000190083">
        </testcase>
        <testcase classname="tests/skills/skill-implementation.test.ts" name="Skill Implementation Validation &gt; cali-shape-up &gt; Basic Structure &gt; should have overview or process section" time="0.0001975">
        </testcase>
        <testcase classname="tests/skills/skill-implementation.test.ts" name="Skill Implementation Validation &gt; cali-shape-up &gt; Tool References &gt; should reference pi-tools directory" time="0.000117458">
        </testcase>
        <testcase classname="tests/skills/skill-implementation.test.ts" name="Skill Implementation Validation &gt; cali-shape-up &gt; Tool References &gt; should have tools header (if using subagent)" time="0.000129917">
        </testcase>
        <testcase classname="tests/skills/skill-implementation.test.ts" name="Skill Implementation Validation &gt; cali-shape-up &gt; Process Section &gt; should have numbered steps or process description" time="0.000122458">
        </testcase>
        <testcase classname="tests/skills/skill-implementation.test.ts" name="Skill Implementation Validation &gt; cali-shape-up &gt; Process Section &gt; should document what it produces (output)" time="0.000124167">
        </testcase>
        <testcase classname="tests/skills/skill-implementation.test.ts" name="Skill Implementation Validation &gt; cali-shape-up &gt; Gate Validation (Not Required) &gt; may or may not mention plannotator" time="0.000064375">
        </testcase>
        <testcase classname="tests/skills/skill-implementation.test.ts" name="Skill Implementation Validation &gt; cali-shape-up &gt; Output Documentation &gt; should specify output file path" time="0.000101833">
        </testcase>
        <testcase classname="tests/skills/skill-implementation.test.ts" name="Skill Implementation Validation &gt; cali-shape-up &gt; Output Documentation &gt; should document output format" time="0.000121084">
        </testcase>
        <testcase classname="tests/skills/skill-implementation.test.ts" name="Skill Implementation Validation &gt; cali-shape-up &gt; File Existence &gt; skill file should exist at expected path" time="0.0002375">
        </testcase>
        <testcase classname="tests/skills/skill-implementation.test.ts" name="Skill Implementation Validation &gt; cali-tech-planning &gt; Basic Structure &gt; should have skill name in description" time="0.000075541">
        </testcase>
        <testcase classname="tests/skills/skill-implementation.test.ts" name="Skill Implementation Validation &gt; cali-tech-planning &gt; Basic Structure &gt; should have description" time="0.00006275">
        </testcase>
        <testcase classname="tests/skills/skill-implementation.test.ts" name="Skill Implementation Validation &gt; cali-tech-planning &gt; Basic Structure &gt; should have overview or process section" time="0.000058166">
        </testcase>
        <testcase classname="tests/skills/skill-implementation.test.ts" name="Skill Implementation Validation &gt; cali-tech-planning &gt; Tool References &gt; should reference pi-tools directory" time="0.000059208">
        </testcase>
        <testcase classname="tests/skills/skill-implementation.test.ts" name="Skill Implementation Validation &gt; cali-tech-planning &gt; Tool References &gt; should have tools header (if using subagent)" time="0.0000575">
        </testcase>
        <testcase classname="tests/skills/skill-implementation.test.ts" name="Skill Implementation Validation &gt; cali-tech-planning &gt; Process Section &gt; should have numbered steps or process description" time="0.00005825">
        </testcase>
        <testcase classname="tests/skills/skill-implementation.test.ts" name="Skill Implementation Validation &gt; cali-tech-planning &gt; Process Section &gt; should document what it produces (output)" time="0.000056333">
        </testcase>
        <testcase classname="tests/skills/skill-implementation.test.ts" name="Skill Implementation Validation &gt; cali-tech-planning &gt; Gate Validation &gt; should mention plannotator" time="0.000096875">
        </testcase>
        <testcase classname="tests/skills/skill-implementation.test.ts" name="Skill Implementation Validation &gt; cali-tech-planning &gt; Gate Validation &gt; should reference gate command (plannotator.md or --gate)" time="0.000149708">
        </testcase>
        <testcase classname="tests/skills/skill-implementation.test.ts" name="Skill Implementation Validation &gt; cali-tech-planning &gt; Gate Validation &gt; should document gate workflow" time="0.000138083">
        </testcase>
        <testcase classname="tests/skills/skill-implementation.test.ts" name="Skill Implementation Validation &gt; cali-tech-planning &gt; Output Documentation &gt; should specify output file path" time="0.000072666">
        </testcase>
        <testcase classname="tests/skills/skill-implementation.test.ts" name="Skill Implementation Validation &gt; cali-tech-planning &gt; Output Documentation &gt; should document output format" time="0.00006725">
        </testcase>
        <testcase classname="tests/skills/skill-implementation.test.ts" name="Skill Implementation Validation &gt; cali-tech-planning &gt; File Existence &gt; skill file should exist at expected path" time="0.000107042">
        </testcase>
        <testcase classname="tests/skills/skill-implementation.test.ts" name="Skill Implementation Validation &gt; cali-interface-brainstorm &gt; Basic Structure &gt; should have skill name in description" time="0.000065667">
        </testcase>
        <testcase classname="tests/skills/skill-implementation.test.ts" name="Skill Implementation Validation &gt; cali-interface-brainstorm &gt; Basic Structure &gt; should have description" time="0.000052916">
        </testcase>
        <testcase classname="tests/skills/skill-implementation.test.ts" name="Skill Implementation Validation &gt; cali-interface-brainstorm &gt; Basic Structure &gt; should have overview or process section" time="0.00004975">
        </testcase>
        <testcase classname="tests/skills/skill-implementation.test.ts" name="Skill Implementation Validation &gt; cali-interface-brainstorm &gt; Tool References &gt; should reference pi-tools directory" time="0.000051875">
        </testcase>
        <testcase classname="tests/skills/skill-implementation.test.ts" name="Skill Implementation Validation &gt; cali-interface-brainstorm &gt; Tool References &gt; should have tools header (if using subagent)" time="0.000050834">
        </testcase>
        <testcase classname="tests/skills/skill-implementation.test.ts" name="Skill Implementation Validation &gt; cali-interface-brainstorm &gt; Process Section &gt; should have numbered steps or process description" time="0.0000675">
        </testcase>
        <testcase classname="tests/skills/skill-implementation.test.ts" name="Skill Implementation Validation &gt; cali-interface-brainstorm &gt; Process Section &gt; should document what it produces (output)" time="0.000059917">
        </testcase>
        <testcase classname="tests/skills/skill-implementation.test.ts" name="Skill Implementation Validation &gt; cali-interface-brainstorm &gt; Gate Validation &gt; should mention plannotator" time="0.000057125">
        </testcase>
        <testcase classname="tests/skills/skill-implementation.test.ts" name="Skill Implementation Validation &gt; cali-interface-brainstorm &gt; Gate Validation &gt; should reference gate command (plannotator.md or --gate)" time="0.000057417">
        </testcase>
        <testcase classname="tests/skills/skill-implementation.test.ts" name="Skill Implementation Validation &gt; cali-interface-brainstorm &gt; Gate Validation &gt; should document gate workflow" time="0.000057916">
        </testcase>
        <testcase classname="tests/skills/skill-implementation.test.ts" name="Skill Implementation Validation &gt; cali-interface-brainstorm &gt; Output Documentation &gt; should specify output file path" time="0.000053875">
        </testcase>
        <testcase classname="tests/skills/skill-implementation.test.ts" name="Skill Implementation Validation &gt; cali-interface-brainstorm &gt; Output Documentation &gt; should document output format" time="0.000052375">
        </testcase>
        <testcase classname="tests/skills/skill-implementation.test.ts" name="Skill Implementation Validation &gt; cali-interface-brainstorm &gt; File Existence &gt; skill file should exist at expected path" time="0.0000855">
        </testcase>
        <testcase classname="tests/skills/skill-implementation.test.ts" name="Skill Implementation Validation &gt; cali-plan-critique &gt; Basic Structure &gt; should have skill name in description" time="0.000057458">
        </testcase>
        <testcase classname="tests/skills/skill-implementation.test.ts" name="Skill Implementation Validation &gt; cali-plan-critique &gt; Basic Structure &gt; should have description" time="0.000050583">
        </testcase>
        <testcase classname="tests/skills/skill-implementation.test.ts" name="Skill Implementation Validation &gt; cali-plan-critique &gt; Basic Structure &gt; should have overview or process section" time="0.00004925">
        </testcase>
        <testcase classname="tests/skills/skill-implementation.test.ts" name="Skill Implementation Validation &gt; cali-plan-critique &gt; Tool References &gt; should reference pi-tools directory" time="0.000048042">
        </testcase>
        <testcase classname="tests/skills/skill-implementation.test.ts" name="Skill Implementation Validation &gt; cali-plan-critique &gt; Tool References &gt; should have tools header (if using subagent)" time="0.000050209">
        </testcase>
        <testcase classname="tests/skills/skill-implementation.test.ts" name="Skill Implementation Validation &gt; cali-plan-critique &gt; Process Section &gt; should have numbered steps or process description" time="0.000048792">
        </testcase>
        <testcase classname="tests/skills/skill-implementation.test.ts" name="Skill Implementation Validation &gt; cali-plan-critique &gt; Process Section &gt; should document what it produces (output)" time="0.000051916">
        </testcase>
        <testcase classname="tests/skills/skill-implementation.test.ts" name="Skill Implementation Validation &gt; cali-plan-critique &gt; Gate Validation (Not Required) &gt; may or may not mention plannotator" time="0.000045083">
        </testcase>
        <testcase classname="tests/skills/skill-implementation.test.ts" name="Skill Implementation Validation &gt; cali-plan-critique &gt; Output Documentation &gt; should specify output file path" time="0.000067958">
        </testcase>
        <testcase classname="tests/skills/skill-implementation.test.ts" name="Skill Implementation Validation &gt; cali-plan-critique &gt; Output Documentation &gt; should document output format" time="0.000058375">
        </testcase>
        <testcase classname="tests/skills/skill-implementation.test.ts" name="Skill Implementation Validation &gt; cali-plan-critique &gt; File Existence &gt; skill file should exist at expected path" time="0.000087083">
        </testcase>
        <testcase classname="tests/skills/skill-implementation.test.ts" name="Skill Implementation Validation &gt; Main SKILL.md Gates &gt; Phase 5 Gate (spec-product.md) &gt; should document Review Gate for Phase 5" time="0.000136583">
        </testcase>
        <testcase classname="tests/skills/skill-implementation.test.ts" name="Skill Implementation Validation &gt; Main SKILL.md Gates &gt; Phase 5 Gate (spec-product.md) &gt; should reference plannotator for gate" time="0.000117458">
        </testcase>
        <testcase classname="tests/skills/skill-implementation.test.ts" name="Skill Implementation Validation &gt; Main SKILL.md Gates &gt; Phase 8 Gate (interfaces) &gt; should document Interface Gate for Phase 8" time="0.000110917">
        </testcase>
        <testcase classname="tests/skills/skill-implementation.test.ts" name="Skill Implementation Validation &gt; Main SKILL.md Gates &gt; Tech Planning Gate &gt; cali-tech-planning should have its own gate" time="0.000261125">
        </testcase>
        <testcase classname="tests/skills/skill-implementation.test.ts" name="Skill Implementation Validation &gt; Phase Gate Files &gt; gate.md should exist" time="0.000099041">
        </testcase>
        <testcase classname="tests/skills/skill-implementation.test.ts" name="Skill Implementation Validation &gt; Phase Gate Files &gt; gate.md should document plannotator usage" time="0.000161042">
        </testcase>
        <testcase classname="tests/skills/skill-implementation.test.ts" name="Skill Implementation Validation &gt; Phase Gate Files &gt; gate.md should reference pi-tools/plannotator.md" time="0.000248542">
        </testcase>
        <testcase classname="tests/skills/skill-implementation.test.ts" name="Skill Implementation Validation &gt; Ask Patterns &gt; ask-patterns.md should exist" time="0.000401417">
        </testcase>
        <testcase classname="tests/skills/skill-implementation.test.ts" name="Skill Implementation Validation &gt; Ask Patterns &gt; ask-patterns.md should document ask_user_question usage" time="0.000382583">
        </testcase>
        <testcase classname="tests/skills/skill-implementation.test.ts" name="Skill Implementation Validation &gt; Ask Patterns &gt; should have multiple patterns" time="0.000346625">
        </testcase>
        <testcase classname="tests/skills/skill-implementation.test.ts" name="Skill Implementation Validation &gt; References Directory &gt; references directory should exist" time="0.000088417">
        </testcase>
        <testcase classname="tests/skills/skill-implementation.test.ts" name="Skill Implementation Validation &gt; References Directory &gt; should have strategic-exploration.md" time="0.000173042">
        </testcase>
        <testcase classname="tests/skills/skill-implementation.test.ts" name="Skill Implementation Validation &gt; References Directory &gt; should have output-expectations.md" time="0.000070792">
        </testcase>
        <testcase classname="tests/skills/skill-implementation.test.ts" name="Skill Implementation Validation &gt; Execution Phase &gt; execution.md should exist" time="0.000061042">
        </testcase>
        <testcase classname="tests/skills/skill-implementation.test.ts" name="Skill Implementation Validation &gt; Execution Phase &gt; should document scope executor routing" time="0.00018225">
        </testcase>
        <testcase classname="tests/skills/skill-implementation.test.ts" name="Skill Implementation Validation &gt; Execution Phase &gt; should document worktree decision" time="0.000125708">
        </testcase>
    </testsuite>
    <testsuite name="tests/skills/skill-structure.test.ts" timestamp="2026-05-19T18:44:59.704Z" hostname="MacBook-Air-de-cali.local" tests="39" failures="0" errors="0" skipped="0" time="0.010068833">
        <testcase classname="tests/skills/skill-structure.test.ts" name="SKILL.md Structure Validation &gt; Phase Index &gt; should have Phase Index section" time="0.002040584">
        </testcase>
        <testcase classname="tests/skills/skill-structure.test.ts" name="SKILL.md Structure Validation &gt; Phase Index &gt; should have phases in table (minimum 10)" time="0.000299125">
        </testcase>
        <testcase classname="tests/skills/skill-structure.test.ts" name="SKILL.md Structure Validation &gt; Phase Index &gt; should list Execution as a phase" time="0.000137917">
        </testcase>
        <testcase classname="tests/skills/skill-structure.test.ts" name="SKILL.md Structure Validation &gt; Phase Index &gt; should list Setup or Project Setup as first phase" time="0.000127375">
        </testcase>
        <testcase classname="tests/skills/skill-structure.test.ts" name="SKILL.md Structure Validation &gt; Phase Index &gt; should list Tech Planning as a phase" time="0.000086833">
        </testcase>
        <testcase classname="tests/skills/skill-structure.test.ts" name="SKILL.md Structure Validation &gt; Safety Rules &gt; should have Safety Rules section" time="0.000127375">
        </testcase>
        <testcase classname="tests/skills/skill-structure.test.ts" name="SKILL.md Structure Validation &gt; Safety Rules &gt; plannotator --gate should be documented" time="0.000350291">
        </testcase>
        <testcase classname="tests/skills/skill-structure.test.ts" name="SKILL.md Structure Validation &gt; Safety Rules &gt; should mention --gate flag is mandatory" time="0.000196125">
        </testcase>
        <testcase classname="tests/skills/skill-structure.test.ts" name="SKILL.md Structure Validation &gt; Safety Rules &gt; supervisor should NOT activate during phases 3-7" time="0.000168459">
        </testcase>
        <testcase classname="tests/skills/skill-structure.test.ts" name="SKILL.md Structure Validation &gt; Safety Rules &gt; should warn about re-submitting Plannotator" time="0.000122833">
        </testcase>
        <testcase classname="tests/skills/skill-structure.test.ts" name="SKILL.md Structure Validation &gt; Tool References &gt; should have Tools &amp; Packages section" time="0.000125542">
        </testcase>
        <testcase classname="tests/skills/skill-structure.test.ts" name="SKILL.md Structure Validation &gt; Tool References &gt; should reference pi-tools/ directory" time="0.0000745">
        </testcase>
        <testcase classname="tests/skills/skill-structure.test.ts" name="SKILL.md Structure Validation &gt; Tool References &gt; subagent should reference subagents.md" time="0.000081791">
        </testcase>
        <testcase classname="tests/skills/skill-structure.test.ts" name="SKILL.md Structure Validation &gt; Tool References &gt; ask_user_question should reference ask.md" time="0.000073417">
        </testcase>
        <testcase classname="tests/skills/skill-structure.test.ts" name="SKILL.md Structure Validation &gt; Tool References &gt; plannotator should reference plannotator.md" time="0.000073958">
        </testcase>
        <testcase classname="tests/skills/skill-structure.test.ts" name="SKILL.md Structure Validation &gt; Tool References &gt; /sisyphus should reference goals.md" time="0.000079125">
        </testcase>
        <testcase classname="tests/skills/skill-structure.test.ts" name="SKILL.md Structure Validation &gt; Auto-chaining Rules &gt; should have Auto-chaining section" time="0.000100667">
        </testcase>
        <testcase classname="tests/skills/skill-structure.test.ts" name="SKILL.md Structure Validation &gt; Auto-chaining Rules &gt; should document phase sequence" time="0.000122042">
        </testcase>
        <testcase classname="tests/skills/skill-structure.test.ts" name="SKILL.md Structure Validation &gt; Auto-chaining Rules &gt; should mention Tech Planning" time="0.000121083">
        </testcase>
        <testcase classname="tests/skills/skill-structure.test.ts" name="SKILL.md Structure Validation &gt; Auto-chaining Rules &gt; should mention Execution" time="0.000129125">
        </testcase>
        <testcase classname="tests/skills/skill-structure.test.ts" name="SKILL.md Structure Validation &gt; Auto-chaining Rules &gt; should have Flow Diagram" time="0.000123166">
        </testcase>
        <testcase classname="tests/skills/skill-structure.test.ts" name="SKILL.md Structure Validation &gt; Directory Structure &gt; should document workflow directory" time="0.000091166">
        </testcase>
        <testcase classname="tests/skills/skill-structure.test.ts" name="SKILL.md Structure Validation &gt; Directory Structure &gt; should document artifacts paths" time="0.000159541">
        </testcase>
        <testcase classname="tests/skills/skill-structure.test.ts" name="SKILL.md Structure Validation &gt; Critical Rules &gt; should have CRITICAL RULES" time="0.000109334">
        </testcase>
        <testcase classname="tests/skills/skill-structure.test.ts" name="SKILL.md Structure Validation &gt; Critical Rules &gt; Review Gate should be mandatory" time="0.000103042">
        </testcase>
        <testcase classname="tests/skills/skill-structure.test.ts" name="Phase Files Structure &gt; setup.md &gt; should exist" time="0.00019575">
        </testcase>
        <testcase classname="tests/skills/skill-structure.test.ts" name="Phase Files Structure &gt; setup.md &gt; should reference SKILL.md" time="0.000587959">
        </testcase>
        <testcase classname="tests/skills/skill-structure.test.ts" name="Phase Files Structure &gt; context.md &gt; should exist" time="0.0001065">
        </testcase>
        <testcase classname="tests/skills/skill-structure.test.ts" name="Phase Files Structure &gt; context.md &gt; should reference SKILL.md" time="0.000299417">
        </testcase>
        <testcase classname="tests/skills/skill-structure.test.ts" name="Phase Files Structure &gt; gate.md &gt; should exist" time="0.000066875">
        </testcase>
        <testcase classname="tests/skills/skill-structure.test.ts" name="Phase Files Structure &gt; gate.md &gt; should reference SKILL.md" time="0.000257209">
        </testcase>
        <testcase classname="tests/skills/skill-structure.test.ts" name="Phase Files Structure &gt; execution.md &gt; should exist" time="0.00005825">
        </testcase>
        <testcase classname="tests/skills/skill-structure.test.ts" name="Phase Files Structure &gt; execution.md &gt; should reference SKILL.md" time="0.00024275">
        </testcase>
        <testcase classname="tests/skills/skill-structure.test.ts" name="Phase Files Structure &gt; Critical Phases &gt; gate.md should mention plannotator" time="0.000246833">
        </testcase>
        <testcase classname="tests/skills/skill-structure.test.ts" name="Phase Files Structure &gt; Critical Phases &gt; execution.md should document execution" time="0.000190291">
        </testcase>
        <testcase classname="tests/skills/skill-structure.test.ts" name="pi-tools References &gt; pi-tools directory should exist" time="0.000080584">
        </testcase>
        <testcase classname="tests/skills/skill-structure.test.ts" name="pi-tools References &gt; plannotator.md should exist if referenced" time="0.000167125">
        </testcase>
        <testcase classname="tests/skills/skill-structure.test.ts" name="pi-tools References &gt; subagents.md should exist if referenced" time="0.000126208">
        </testcase>
        <testcase classname="tests/skills/skill-structure.test.ts" name="pi-tools References &gt; goals.md should exist if referenced" time="0.000123916">
        </testcase>
    </testsuite>
</testsuites>
